=== M3 reverse certified checked read order MUTATE ===
--- mutated LeanNCD/Semantics/Source/Admission.lean: '      c.origin = r.origin) raw term.sourceReads

private theorem admitAstTerm_fields' -> '      c.origin = r.origin) raw term.sourceReads.reverse

private theorem admitAstTerm_fields' ---
error: LeanNCD/Semantics/Source/Admission.lean:441:56: Application type mismatch: The argument
error: Lean exited with code 1
error: build failed
--- lake build exit code: 1 (restoring LeanNCD/Semantics/Source/Admission.lean now) ---
=== M3 reverse certified checked read order MUTATE exit=1 ===
=== M3 reverse certified checked read order RESTORED BUILD ===
info: LeanNCD/Semantics/Source/RawCorrespondence.lean:703:0: 'LeanNCD.Semantics.Source.mapUID_axis_metadata' does not depend on any axioms
info: LeanNCD/Semantics/Source/RawCorrespondence.lean:704:0: 'LeanNCD.Semantics.Source.admitRawSource_fields' depends on axioms: [propext, Classical.choice, Quot.sound]
info: LeanNCD/Semantics/Source/RawCorrespondence.lean:705:0: 'LeanNCD.Semantics.Source.TermFields.factor_count' depends on axioms: [propext, Classical.choice, Quot.sound]
info: LeanNCD/Semantics/Source/RawCorrespondence.lean:706:0: 'LeanNCD.Semantics.Source.StatementFields.term_count' depends on axioms: [propext, Classical.choice, Quot.sound]
Build completed successfully (8516 jobs).
=== M3 reverse certified checked read order SUMMARY: mutation_exit=1 restore_hash_exit=0 restored_build_exit=0 ===
M3 reverse certified checked read order: PASS
=== M3 reverse certified checked read order MANIFEST VERDICT: PASS ===
=== M4 asymmetric ordered oracle swaps distinct tensors MUTATE ===
--- mutated test/Semantics/SourceRawCorrespondenceTest.lean: '    [("B", 4, [1], ro 0 0 0 4), ("A", 3, [1, 2], ro 0 0 1 3),' -> '    [("A", 3, [1, 2], ro 0 0 1 3), ("B", 4, [1], ro 0 0 0 4),' ---
error: test/Semantics/SourceRawCorrespondenceTest.lean:53:0: Expression
error: test/Semantics/SourceRawCorrespondenceTest.lean:530:0: Expression
error: Lean exited with code 1
error: build failed
--- lake build exit code: 1 (restoring test/Semantics/SourceRawCorrespondenceTest.lean now) ---
=== M4 asymmetric ordered oracle swaps distinct tensors MUTATE exit=1 ===
=== M4 asymmetric ordered oracle swaps distinct tensors RESTORED BUILD ===
info: test/Semantics/SourceRawCorrespondenceTest.lean:942:0: 'SourceRawCorrespondenceTest.inconsistent_body_connection' depends on axioms: [propext, Classical.choice, Quot.sound]
info: test/Semantics/SourceRawCorrespondenceTest.lean:943:0: 'SourceRawCorrespondenceTest.parsed_output_connection' depends on axioms: [propext, Classical.choice, Quot.sound]
info: test/Semantics/SourceRawCorrespondenceTest.lean:944:0: 'SourceRawCorrespondenceTest.asymmetric_output_connection' depends on axioms: [propext, Classical.choice, Quot.sound]
info: test/Semantics/SourceRawCorrespondenceTest.lean:945:0: 'SourceRawCorrespondenceTest.inconsistent_output_connection' depends on axioms: [propext, Classical.choice, Quot.sound]
Build completed successfully (8523 jobs).
=== M4 asymmetric ordered oracle swaps distinct tensors SUMMARY: mutation_exit=1 restore_hash_exit=0 restored_build_exit=0 ===
M4 asymmetric ordered oracle swaps distinct tensors: PASS
=== M4 asymmetric ordered oracle swaps distinct tensors MANIFEST VERDICT: PASS ===

| Mutation | Cycle (broke, then restored build green) | File byte-identical | Expected failure seen | Result |
|---|---|---|---|---|
| M3 reverse certified checked read order | yes | yes | yes | PASS |
| M4 asymmetric ordered oracle swaps distinct tensors | yes | yes | yes | PASS |

2/2 cycles passed.
