=== M3 reverse certified checked read order (proof-protected rejection) MUTATE ===
--- mutated LeanNCD/Semantics/Source/Admission.lean: '      c.origin = r.origin) raw term.sourceReads

private theorem admitAstTerm_fields' -> '      c.origin = r.origin) raw term.sourceReads.reverse

private theorem admitAstTerm_fields' ---
error: LeanNCD/Semantics/Source/Admission.lean:441:56: Application type mismatch: The argument
error: Lean exited with code 1
error: build failed
--- lake build exit code: 1 (restoring LeanNCD/Semantics/Source/Admission.lean now) ---
=== M3 reverse certified checked read order (proof-protected rejection) MUTATE exit=1 ===
=== M3 reverse certified checked read order (proof-protected rejection) RESTORED BUILD ===
Hint: Omit it from the simp argument list.
  simp [ht, throw, MonadExceptOf.throw,̵ ̵t̵h̵r̵o̵w̵T̵h̵e̵] at h

Note: This linter can be disabled with `set_option linter.unusedSimpArgs false`
Build completed successfully (8507 jobs).
=== M3 reverse certified checked read order (proof-protected rejection) SUMMARY: mutation_exit=1 restore_hash_exit=0 restored_build_exit=0 ===
M3 reverse certified checked read order (proof-protected rejection): PASS
=== M3 reverse certified checked read order (proof-protected rejection) MANIFEST VERDICT: PASS ===

| Mutation | Cycle (broke, then restored build green) | File byte-identical | Expected failure seen | Result |
|---|---|---|---|---|
| M3 reverse certified checked read order (proof-protected rejection) | yes | yes | yes | PASS |

1/1 cycles passed.
