=== M4 asymmetric ordered oracle swaps distinct tensors (fixture-contrast) MUTATE ===
--- mutated test/Semantics/SourceRawCorrespondenceTest.lean: '    [("B", 4, [1], ro 0 0 0 4), ("A", 3, [1, 2], ro 0 0 1 3),' -> '    [("A", 3, [1, 2], ro 0 0 1 3), ("B", 4, [1], ro 0 0 0 4),' ---
error: test/Semantics/SourceRawCorrespondenceTest.lean:53:0: Expression
error: test/Semantics/SourceRawCorrespondenceTest.lean:530:0: Expression
error: Lean exited with code 1
error: build failed
--- lake build exit code: 1 (restoring test/Semantics/SourceRawCorrespondenceTest.lean now) ---
=== M4 asymmetric ordered oracle swaps distinct tensors (fixture-contrast) MUTATE exit=1 ===
=== M4 asymmetric ordered oracle swaps distinct tensors (fixture-contrast) RESTORED BUILD ===
info: test/Semantics/SourceRawCorrespondenceTest.lean:942:0: 'SourceRawCorrespondenceTest.inconsistent_body_connection' depends on axioms: [propext, Classical.choice, Quot.sound]
info: test/Semantics/SourceRawCorrespondenceTest.lean:943:0: 'SourceRawCorrespondenceTest.parsed_output_connection' depends on axioms: [propext, Classical.choice, Quot.sound]
info: test/Semantics/SourceRawCorrespondenceTest.lean:944:0: 'SourceRawCorrespondenceTest.asymmetric_output_connection' depends on axioms: [propext, Classical.choice, Quot.sound]
info: test/Semantics/SourceRawCorrespondenceTest.lean:945:0: 'SourceRawCorrespondenceTest.inconsistent_output_connection' depends on axioms: [propext, Classical.choice, Quot.sound]
Build completed successfully (8523 jobs).
=== M4 asymmetric ordered oracle swaps distinct tensors (fixture-contrast) SUMMARY: mutation_exit=1 restore_hash_exit=0 restored_build_exit=0 ===
M4 asymmetric ordered oracle swaps distinct tensors (fixture-contrast): PASS
=== M4 asymmetric ordered oracle swaps distinct tensors (fixture-contrast) MANIFEST VERDICT: PASS ===
=== E4 reverse certified raw read coordinate witness (proof-protected rejection) MUTATE ===
--- mutated LeanNCD/Semantics/Source/RawSemanticConnection.lean: '  obtain ⟨a, u, ha, hu, hm, hv⟩ := hs.coordinate v q
' -> '  obtain ⟨a, u, ha, hu, hm, hv⟩ := hs.coordinate v q.rev
' ---
error: LeanNCD/Semantics/Source/RawSemanticConnection.lean:128:15: Application type mismatch: The argument
error: LeanNCD/Semantics/Source/RawSemanticConnection.lean:128:67: Application type mismatch: The argument
error: LeanNCD/Semantics/Source/RawSemanticConnection.lean:128:57: Type mismatch
error: Lean exited with code 1
error: build failed
--- lake build exit code: 1 (restoring LeanNCD/Semantics/Source/RawSemanticConnection.lean now) ---
=== E4 reverse certified raw read coordinate witness (proof-protected rejection) MUTATE exit=1 ===
=== E4 reverse certified raw read coordinate witness (proof-protected rejection) RESTORED BUILD ===
info: LeanNCD/Semantics/Source/RawCorrespondence.lean:704:0: 'LeanNCD.Semantics.Source.admitRawSource_fields' depends on axioms: [propext, Classical.choice, Quot.sound]
info: LeanNCD/Semantics/Source/RawCorrespondence.lean:705:0: 'LeanNCD.Semantics.Source.TermFields.factor_count' depends on axioms: [propext, Classical.choice, Quot.sound]
info: LeanNCD/Semantics/Source/RawCorrespondence.lean:706:0: 'LeanNCD.Semantics.Source.StatementFields.term_count' depends on axioms: [propext, Classical.choice, Quot.sound]
✔ [8517/8517] Built LeanNCD.Semantics.Source.RawSemanticConnection (5.2s)
Build completed successfully (8517 jobs).
=== E4 reverse certified raw read coordinate witness (proof-protected rejection) SUMMARY: mutation_exit=1 restore_hash_exit=0 restored_build_exit=0 ===
E4 reverse certified raw read coordinate witness (proof-protected rejection): PASS
=== E4 reverse certified raw read coordinate witness (proof-protected rejection) MANIFEST VERDICT: PASS ===
=== E5 refusal max-to-sum donor contrast (fixture-contrast) MUTATE ===
--- mutated test/Semantics/SourceRawCorrespondenceTest.lean: '  .assign "Missing" [.free i] { body := ⟨[]⟩, nonlin := .pointwise .relu, agg := .max }] }
' -> '  .assign "Missing" [.free i] { body := ⟨[]⟩, nonlin := .pointwise .relu, agg := .sum }] }
' ---
error: test/Semantics/SourceRawCorrespondenceTest.lean:102:0: Expression
error: test/Semantics/SourceRawCorrespondenceTest.lean:139:0: Expression
error: Lean exited with code 1
error: build failed
--- lake build exit code: 1 (restoring test/Semantics/SourceRawCorrespondenceTest.lean now) ---
=== E5 refusal max-to-sum donor contrast (fixture-contrast) MUTATE exit=1 ===
=== E5 refusal max-to-sum donor contrast (fixture-contrast) RESTORED BUILD ===
info: test/Semantics/SourceRawCorrespondenceTest.lean:942:0: 'SourceRawCorrespondenceTest.inconsistent_body_connection' depends on axioms: [propext, Classical.choice, Quot.sound]
info: test/Semantics/SourceRawCorrespondenceTest.lean:943:0: 'SourceRawCorrespondenceTest.parsed_output_connection' depends on axioms: [propext, Classical.choice, Quot.sound]
info: test/Semantics/SourceRawCorrespondenceTest.lean:944:0: 'SourceRawCorrespondenceTest.asymmetric_output_connection' depends on axioms: [propext, Classical.choice, Quot.sound]
info: test/Semantics/SourceRawCorrespondenceTest.lean:945:0: 'SourceRawCorrespondenceTest.inconsistent_output_connection' depends on axioms: [propext, Classical.choice, Quot.sound]
Build completed successfully (8523 jobs).
=== E5 refusal max-to-sum donor contrast (fixture-contrast) SUMMARY: mutation_exit=1 restore_hash_exit=0 restored_build_exit=0 ===
E5 refusal max-to-sum donor contrast (fixture-contrast): PASS
=== E5 refusal max-to-sum donor contrast (fixture-contrast) MANIFEST VERDICT: PASS ===

| Mutation | Cycle (broke, then restored build green) | File byte-identical | Expected failure seen | Result |
|---|---|---|---|---|
| M4 asymmetric ordered oracle swaps distinct tensors (fixture-contrast) | yes | yes | yes | PASS |
| E4 reverse certified raw read coordinate witness (proof-protected rejection) | yes | yes | yes | PASS |
| E5 refusal max-to-sum donor contrast (fixture-contrast) | yes | yes | yes | PASS |

3/3 cycles passed.
