info: test/Semantics/SourceRawCorrespondenceTest.lean:52:0: some [(0,
  "Y",
  5,
  [1],
  [[("B",
     4,
     [1],
     { side := LeanNCD.Semantics.Source.SourceSide.read,
       declaration := some 4,
       statement := some 0,
       term := some 0,
       factor := some 0,
       slot := none }),
    ("A",
     3,
     [1, 2],
     { side := LeanNCD.Semantics.Source.SourceSide.read,
       declaration := some 3,
       statement := some 0,
       term := some 0,
       factor := some 1,
       slot := none }),
    ("B",
     4,
     [1],
     { side := LeanNCD.Semantics.Source.SourceSide.read,
       declaration := some 4,
       statement := some 0,
       term := some 0,
       factor := some 2,
       slot := none })],
   [("A",
     3,
     [1, 2],
     { side := LeanNCD.Semantics.Source.SourceSide.read,
       declaration := some 3,
       statement := some 0,
       term := some 1,
       factor := some 0,
       slot := none })],
   []]),
 (1, "Diagonal", 7, [1, 1], [[]]),
 (2, "Y", 5, [1], [])]
info: test/Semantics/SourceRawCorrespondenceTest.lean:65:0: true
info: test/Semantics/SourceRawCorrespondenceTest.lean:70:0: some [(0,
  "Y",
  2,
  [1],
  [[("X",
     1,
     [1],
     { side := LeanNCD.Semantics.Source.SourceSide.read,
       declaration := some 1,
       statement := some 0,
       term := some 0,
       factor := some 0,
       slot := none })]])]
info: test/Semantics/SourceRawCorrespondenceTest.lean:78:0: true
info: test/Semantics/SourceRawCorrespondenceTest.lean:88:0: true
info: test/Semantics/SourceRawCorrespondenceTest.lean:101:0: true
